// Jest Snapshot v1, https://goo.gl/fbAQLP

exports[`calls data repository to submit new entity 1`] = `
<div>
  <form
    class=""
  >
    <div
      class="mb-3 input-group"
    >
      <textarea
        class="form-control"
        rows="2"
      />
    </div>
    <div
      class="mb-3 input-group"
    >
      <input
        class="form-control form-control-sm"
        type="file"
      />
      <select
        class="file_joined_select form-select form-select-sm"
      >
        <option
          value="true"
        >
          Convert to text
        </option>
        <option
          value="false"
        >
          Do not convert to text
        </option>
      </select>
    </div>
    <button
      class="btn btn-outline-primary"
      type="button"
    >
      Submit
    </button>
  </form>
</div>
`;

exports[`renders form 1`] = `
<div>
  <form
    class=""
  >
    <div
      class="mb-3 input-group"
    >
      <textarea
        class="form-control"
        rows="2"
      />
    </div>
    <div
      class="mb-3 input-group"
    >
      <input
        class="form-control form-control-sm"
        type="file"
      />
      <select
        class="file_joined_select form-select form-select-sm"
      >
        <option
          value="true"
        >
          Convert to text
        </option>
        <option
          value="false"
        >
          Do not convert to text
        </option>
      </select>
    </div>
    <button
      class="btn btn-outline-primary"
      type="button"
    >
      Submit
    </button>
  </form>
</div>
`;

exports[`sends file as base64 string 1`] = `
<div>
  <form
    class=""
  >
    <div
      class="mb-3 input-group"
    >
      <textarea
        class="form-control"
        rows="2"
      />
    </div>
    <div
      class="mb-3 input-group"
    >
      <input
        class="form-control form-control-sm"
        type="file"
      />
      <select
        class="file_joined_select form-select form-select-sm"
      >
        <option
          value="true"
        >
          Convert to text
        </option>
        <option
          value="false"
        >
          Do not convert to text
        </option>
      </select>
    </div>
    <button
      class="btn btn-outline-primary"
      type="button"
    >
      Submit
    </button>
  </form>
</div>
`;
